PASS  lxc_lifecycle_decision_launcher.py  (82.2s)
PASS  lxc_lifecycle_planning_barrier_launcher.py  (26.4s)
PASS  lifecycle_run_lock_launcher.py  (43.4s)
PASS  inspect_command_launcher.py  (34.8s)
PASS  recover_command_launcher.py  (0.5s)
PASS  lxc_lifecycle_invalid_state_launcher.py  (1.6s)
PASS  lxc_lifecycle_guest_bootstrap_contract_launcher.py  (1.0s)
PASS  lxc_spec_contract_launcher.py  (2.6s)
PASS  lxc_spec_invalid_guest_bootstrap_launcher.py  (2.5s)
PASS  lxc_spec_layer_merge_launcher.py  (2.5s)
PASS  proxmox_lxc_provision_contract_launcher.py  (3.4s)
PASS  proxmox_lxc_lifecycle_configure_check_mode_absent_launcher.py  (2.6s)
PASS  proxmox_lxc_lifecycle_observation_status_launcher.py  (16.0s)
PASS  lxc_manual_ssh_recovery_launcher.py  (32.1s)
PASS  lxc_ssh_key_injector_identity_mismatch_launcher.py  (11.1s)
PASS  lxc_fleet_preflight_launcher.py  (62.5s)
PASS  proxmox_lxc_host_config_check_mode_missing_config_launcher.py  (31.0s)
PASS  proxmox_lxc_host_config_observation_failure_launcher.py  (21.7s)
PASS  proxmox_lxc_host_config_readiness_deadline_launcher.py  (27.2s)
PASS  lxc_docker_runtime_daemon_options_launcher.py  (20.1s)
PASS  lxc_nvidia_runtime_repository_launcher.py  (31.6s)
PASS  lxc_lifecycle_wiring_launcher.py  (46.8s)
PASS  proxmox_lxc_host_config_result_launcher.py  (121.7s)
PASS  hawser_standard_remote_default_launcher.py  (51.5s)
PASS  controller_prerequisite_fact_cache_launcher.py  (2.3s)
ok: full lifecycle regression set passed (25 launchers)
