PASS  lxc_lifecycle_decision_launcher.py  (73.7s)
PASS  lxc_lifecycle_planning_barrier_launcher.py  (25.0s)
PASS  lifecycle_run_lock_launcher.py  (34.0s)
PASS  inspect_command_launcher.py  (32.1s)
PASS  recover_command_launcher.py  (0.4s)
PASS  lxc_lifecycle_invalid_state_launcher.py  (1.8s)
PASS  lxc_lifecycle_guest_bootstrap_contract_launcher.py  (1.9s)
PASS  lxc_spec_contract_launcher.py  (2.8s)
PASS  lxc_spec_invalid_guest_bootstrap_launcher.py  (2.1s)
PASS  lxc_spec_layer_merge_launcher.py  (2.4s)
PASS  proxmox_lxc_provision_contract_launcher.py  (3.1s)
PASS  proxmox_lxc_lifecycle_configure_check_mode_absent_launcher.py  (1.7s)
PASS  proxmox_lxc_lifecycle_observation_status_launcher.py  (12.5s)
PASS  lxc_manual_ssh_recovery_launcher.py  (28.1s)
PASS  lxc_ssh_key_injector_identity_mismatch_launcher.py  (11.5s)
PASS  lxc_fleet_preflight_launcher.py  (56.2s)
PASS  proxmox_lxc_host_config_check_mode_missing_config_launcher.py  (27.7s)
PASS  proxmox_lxc_host_config_observation_failure_launcher.py  (21.3s)
PASS  proxmox_lxc_host_config_readiness_deadline_launcher.py  (23.4s)
PASS  lxc_docker_runtime_daemon_options_launcher.py  (19.4s)
PASS  lxc_nvidia_runtime_repository_launcher.py  (29.9s)
PASS  lxc_lifecycle_wiring_launcher.py  (45.2s)
PASS  proxmox_lxc_host_config_result_launcher.py  (109.9s)
PASS  hawser_standard_remote_default_launcher.py  (47.2s)
PASS  controller_prerequisite_fact_cache_launcher.py  (2.1s)
ok: full lifecycle regression set passed (25 launchers)
